Buscando conta da Shopee no banco...
>>> Testando com APP_ID: 18363940729

=========================================
--- TESTANDO ESTRAT├ëGIA: GraphQL API ---
Endpoint: https://open-api.affiliate.shopee.com.br/graphql
M├®todo Assinatura: HMAC-SHA256(appId + timestamp + payload + secret)
Status HTTP: 200 OK
Campos de Query encontrados: shopOfferV2, shopeeOfferV2, productOfferV2, conversionReport, validatedReport, partnerOrderReport, listItemFeeds, getItemFeedData

--- Testando productList via GraphQL ---
Status HTTP (productList): 200
Erros productList: [
  {
    "message": "Cannot query field \"productList\" on type \"Query\". Did you mean \"productOffer\"?",
    "locations": [
      {
        "line": 3,
        "column": 7
      }
    ],
    "extensions": {
      "code": 10010,
      "message": "Cannot query field \"productList\" on type \"Query\". Did you mean \"productOffer\"?"
    }
  }
]

=========================================
--- TESTANDO ESTRAT├ëGIA: REST Open API v2 ---
Endpoint Base: https://partner.shopeemobile.com
M├®todo Assinatura: HMAC-SHA256(partner_id + api_path + timestamp, secret)
Status HTTP: 404
Resposta bruta: {"error":"error_not_found"}

=========================================
Fim dos testes isolados.
